// Jest Snapshot v1, https://goo.gl/fbAQLP

exports[`copies java constants to js constants 1`] = `
"export const FIZZ_PARAM = \\"fizz\\";
export const BAZ_PARAM = \\"baz\\";
export const FOO = \\"/foo\\";
export const FOO_BAR = \\"/foo/bar\\";
export const FOO_101_BAR = \\"/foo/101/bar\\";
export const FOO_FIZZ = FOO + \\"/{\\" + FIZZ_PARAM + \\"}\\";
export const POW = \\"/pow/\\"+BAZ_PARAM;
"
`;

exports[`copies js constants to js constants 1`] = `
"export const FIZZ_PARAM = 'fizz';
export const BAZ_PARAM = 'baz';
export const FOO = \\"/foo\\";
export const FOO_BAR = \`/foo/bar\`;
export const FOO_101_BAR = '/foo/101/bar';
export const FOO_FIZZ = FOO + \`/{\${ FIZZ_PARAM }}\`;
export const POW = \`/pow/\${{BAZ_PARAM}}\`;
export const FOO_FIZZ2 = FOO + '/{' + FIZZ_PARAM + '}';
export const POW2 = '/pow/{' + BAZ_PARAM  + \\"}\\";
"
`;
